
> permamind@0.1.0 build
> next build --turbopack

   ▲ Next.js 15.5.18 (Turbopack)
   - Environments: .env.local

   Creating an optimized production build ...
 ✓ Finished writing to disk in 175ms
 ✓ Compiled successfully in 10.2s
   Linting and checking validity of types ...

./src/lib/arweave/encryption.ts
22:3  Warning: 'ENCRYPTION_ALGORITHM' is defined but never used.  @typescript-eslint/no-unused-vars

info  - Need to disable some ESLint rules? Learn more here: https://nextjs.org/docs/app/api-reference/config/eslint#disabling-rules
   Collecting page data ...
   Generating static pages (0/13) ...
   Generating static pages (3/13) 
   Generating static pages (6/13) 
   Generating static pages (9/13) 
 ✓ Generating static pages (13/13)
   Finalizing page optimization ...
   Collecting build traces ...

Route (app)                         Size  First Load JS
┌ ○ /                                0 B         221 kB
├ ○ /_not-found                      0 B         168 kB
├ ƒ /api/chat                        0 B            0 B
├ ƒ /api/snapshots/upload            0 B            0 B
├ ƒ /api/summarize                   0 B            0 B
├ ƒ /api/validate-key                0 B            0 B
├ ○ /backup                          0 B         221 kB
├ ○ /chat                            0 B         221 kB
├ ○ /memory                          0 B         221 kB
└ ○ /settings                        0 B         221 kB
+ First Load JS shared by all     181 kB
  ├ chunks/0ed411adebc7f91d.js   75.4 kB
  ├ chunks/3bb47e93b1c99ff3.js   23.6 kB
  ├ chunks/ae7b93a70eea2bc7.js   31.1 kB
  └ chunks/f8a9db6745e9c4d0.js     21 kB
  ├ chunks/2e2d43c52704ef3d.css  13.3 kB
  └ other shared chunks (total)  16.9 kB


○  (Static)   prerendered as static content
ƒ  (Dynamic)  server-rendered on demand

